Archive member included to satisfy reference by file (symbol)

D:/STM32CubeIDE_1.14.1/STM32CubeIDE/plugins/com.st.stm32cube.ide.mcu.externaltools.gnu-tools-for-stm32.11.3.rel1.win32_1.1.100.202309141235/tools/bin/../lib/gcc/arm-none-eabi/11.3.1/../../../../arm-none-eabi/lib/thumb/v7e-m+fp/hard\libc_nano.a(libc_a-exit.o)
                              D:/STM32CubeIDE_1.14.1/STM32CubeIDE/plugins/com.st.stm32cube.ide.mcu.externaltools.gnu-tools-for-stm32.11.3.rel1.win32_1.1.100.202309141235/tools/bin/../lib/gcc/arm-none-eabi/11.3.1/../../../../arm-none-eabi/lib/thumb/v7e-m+fp/hard/crt0.o (exit)
D:/STM32CubeIDE_1.14.1/STM32CubeIDE/plugins/com.st.stm32cube.ide.mcu.externaltools.gnu-tools-for-stm32.11.3.rel1.win32_1.1.100.202309141235/tools/bin/../lib/gcc/arm-none-eabi/11.3.1/../../../../arm-none-eabi/lib/thumb/v7e-m+fp/hard\libc_nano.a(libc_a-findfp.o)
                              D:/STM32CubeIDE_1.14.1/STM32CubeIDE/plugins/com.st.stm32cube.ide.mcu.externaltools.gnu-tools-for-stm32.11.3.rel1.win32_1.1.100.202309141235/tools/bin/../lib/gcc/arm-none-eabi/11.3.1/../../../../arm-none-eabi/lib/thumb/v7e-m+fp/hard\libc_nano.a(libc_a-exit.o) (__stdio_exit_handler)
D:/STM32CubeIDE_1.14.1/STM32CubeIDE/plugins/com.st.stm32cube.ide.mcu.externaltools.gnu-tools-for-stm32.11.3.rel1.win32_1.1.100.202309141235/tools/bin/../lib/gcc/arm-none-eabi/11.3.1/../../../../arm-none-eabi/lib/thumb/v7e-m+fp/hard\libc_nano.a(libc_a-fwalk.o)
                              D:/STM32CubeIDE_1.14.1/STM32CubeIDE/plugins/com.st.stm32cube.ide.mcu.externaltools.gnu-tools-for-stm32.11.3.rel1.win32_1.1.100.202309141235/tools/bin/../lib/gcc/arm-none-eabi/11.3.1/../../../../arm-none-eabi/lib/thumb/v7e-m+fp/hard\libc_nano.a(libc_a-findfp.o) (_fwalk_sglue)
D:/STM32CubeIDE_1.14.1/STM32CubeIDE/plugins/com.st.stm32cube.ide.mcu.externaltools.gnu-tools-for-stm32.11.3.rel1.win32_1.1.100.202309141235/tools/bin/../lib/gcc/arm-none-eabi/11.3.1/../../../../arm-none-eabi/lib/thumb/v7e-m+fp/hard\libc_nano.a(libc_a-stdio.o)
                              D:/STM32CubeIDE_1.14.1/STM32CubeIDE/plugins/com.st.stm32cube.ide.mcu.externaltools.gnu-tools-for-stm32.11.3.rel1.win32_1.1.100.202309141235/tools/bin/../lib/gcc/arm-none-eabi/11.3.1/../../../../arm-none-eabi/lib/thumb/v7e-m+fp/hard\libc_nano.a(libc_a-findfp.o) (__sread)
D:/STM32CubeIDE_1.14.1/STM32CubeIDE/plugins/com.st.stm32cube.ide.mcu.externaltools.gnu-tools-for-stm32.11.3.rel1.win32_1.1.100.202309141235/tools/bin/../lib/gcc/arm-none-eabi/11.3.1/../../../../arm-none-eabi/lib/thumb/v7e-m+fp/hard\libc_nano.a(libc_a-memset.o)
                              D:/STM32CubeIDE_1.14.1/STM32CubeIDE/plugins/com.st.stm32cube.ide.mcu.externaltools.gnu-tools-for-stm32.11.3.rel1.win32_1.1.100.202309141235/tools/bin/../lib/gcc/arm-none-eabi/11.3.1/../../../../arm-none-eabi/lib/thumb/v7e-m+fp/hard/crt0.o (memset)
D:/STM32CubeIDE_1.14.1/STM32CubeIDE/plugins/com.st.stm32cube.ide.mcu.externaltools.gnu-tools-for-stm32.11.3.rel1.win32_1.1.100.202309141235/tools/bin/../lib/gcc/arm-none-eabi/11.3.1/../../../../arm-none-eabi/lib/thumb/v7e-m+fp/hard\libc_nano.a(libc_a-closer.o)
                              D:/STM32CubeIDE_1.14.1/STM32CubeIDE/plugins/com.st.stm32cube.ide.mcu.externaltools.gnu-tools-for-stm32.11.3.rel1.win32_1.1.100.202309141235/tools/bin/../lib/gcc/arm-none-eabi/11.3.1/../../../../arm-none-eabi/lib/thumb/v7e-m+fp/hard\libc_nano.a(libc_a-stdio.o) (_close_r)
D:/STM32CubeIDE_1.14.1/STM32CubeIDE/plugins/com.st.stm32cube.ide.mcu.externaltools.gnu-tools-for-stm32.11.3.rel1.win32_1.1.100.202309141235/tools/bin/../lib/gcc/arm-none-eabi/11.3.1/../../../../arm-none-eabi/lib/thumb/v7e-m+fp/hard\libc_nano.a(libc_a-reent.o)
                              D:/STM32CubeIDE_1.14.1/STM32CubeIDE/plugins/com.st.stm32cube.ide.mcu.externaltools.gnu-tools-for-stm32.11.3.rel1.win32_1.1.100.202309141235/tools/bin/../lib/gcc/arm-none-eabi/11.3.1/../../../../arm-none-eabi/lib/thumb/v7e-m+fp/hard\libc_nano.a(libc_a-closer.o) (errno)
D:/STM32CubeIDE_1.14.1/STM32CubeIDE/plugins/com.st.stm32cube.ide.mcu.externaltools.gnu-tools-for-stm32.11.3.rel1.win32_1.1.100.202309141235/tools/bin/../lib/gcc/arm-none-eabi/11.3.1/../../../../arm-none-eabi/lib/thumb/v7e-m+fp/hard\libc_nano.a(libc_a-impure.o)
                              D:/STM32CubeIDE_1.14.1/STM32CubeIDE/plugins/com.st.stm32cube.ide.mcu.externaltools.gnu-tools-for-stm32.11.3.rel1.win32_1.1.100.202309141235/tools/bin/../lib/gcc/arm-none-eabi/11.3.1/../../../../arm-none-eabi/lib/thumb/v7e-m+fp/hard\libc_nano.a(libc_a-reent.o) (_impure_ptr)
D:/STM32CubeIDE_1.14.1/STM32CubeIDE/plugins/com.st.stm32cube.ide.mcu.externaltools.gnu-tools-for-stm32.11.3.rel1.win32_1.1.100.202309141235/tools/bin/../lib/gcc/arm-none-eabi/11.3.1/../../../../arm-none-eabi/lib/thumb/v7e-m+fp/hard\libc_nano.a(libc_a-lseekr.o)
[...]
Memory Configuration

Name             Origin             Length             Attributes
CCMRAM           0x0000000010000000 0x0000000000010000 xrw
RAM              0x0000000020000000 0x0000000000020000 xrw
FLASH            0x0000000008000000 0x0000000000100000 xr
*default*        0x0000000000000000 0xffffffffffffffff

Linker script and memory map

LOAD D:/STM32CubeIDE_1.14.1/STM32CubeIDE/plugins/com.st.stm32cube.ide.mcu.externaltools.gnu-tools-for-stm32.11.3.rel1.win32_1.1.100.202309141235/tools/bin/../lib/gcc/arm-none-eabi/11.3.1/thumb/v7e-m+fp/hard/crti.o
LOAD D:/STM32CubeIDE_1.14.1/STM32CubeIDE/plugins/com.st.stm32cube.ide.mcu.externaltools.gnu-tools-for-stm32.11.3.rel1.win32_1.1.100.202309141235/tools/bin/../lib/gcc/arm-none-eabi/11.3.1/thumb/v7e-m+fp/hard/crtbegin.o
LOAD D:/STM32CubeIDE_1.14.1/STM32CubeIDE/plugins/com.st.stm32cube.ide.mcu.externaltools.gnu-tools-for-stm32.11.3.rel1.win32_1.1.100.202309141235/tools/bin/../lib/gcc/arm-none-eabi/11.3.1/../../../../arm-none-eabi/lib/thumb/v7e-m+fp/hard/crt0.o
LOAD ./Src/002BUTTON_LED.o
LOAD ./Src/syscalls.o
LOAD ./Src/sysmem.o
LOAD ./Startup/startup_stm32f407vgtx.o
LOAD ./driver/Src/stm32f407_gpiox.o
START GROUP
LOAD D:/STM32CubeIDE_1.14.1/STM32CubeIDE/plugins/com.st.stm32cube.ide.mcu.externaltools.gnu-tools-for-stm32.11.3.rel1.win32_1.1.100.202309141235/tools/bin/../lib/gcc/arm-none-eabi/11.3.1/../../../../arm-none-eabi/lib/thumb/v7e-m+fp/hard\libc_nano.a
LOAD D:/STM32CubeIDE_1.14.1/STM32CubeIDE/plugins/com.st.stm32cube.ide.mcu.externaltools.gnu-tools-for-stm32.11.3.rel1.win32_1.1.100.202309141235/tools/bin/../lib/gcc/arm-none-eabi/11.3.1/../../../../arm-none-eabi/lib/thumb/v7e-m+fp/hard\libm.a
END GROUP
START GROUP
LOAD D:/STM32CubeIDE_1.14.1/STM32CubeIDE/plugins/com.st.stm32cube.ide.mcu.externaltools.gnu-tools-for-stm32.11.3.rel1.win32_1.1.100.202309141235/tools/bin/../lib/gcc/arm-none-eabi/11.3.1/thumb/v7e-m+fp/hard\libgcc.a
LOAD D:/STM32CubeIDE_1.14.1/STM32CubeIDE/plugins/com.st.stm32cube.ide.mcu.externaltools.gnu-tools-for-stm32.11.3.rel1.win32_1.1.100.202309141235/tools/bin/../lib/gcc/arm-none-eabi/11.3.1/../../../../arm-none-eabi/lib/thumb/v7e-m+fp/hard\libc_nano.a
END GROUP
START GROUP
LOAD D:/STM32CubeIDE_1.14.1/STM32CubeIDE/plugins/com.st.stm32cube.ide.mcu.externaltools.gnu-tools-for-stm32.11.3.rel1.win32_1.1.100.202309141235/tools/bin/../lib/gcc/arm-none-eabi/11.3.1/thumb/v7e-m+fp/hard\libgcc.a
LOAD D:/STM32CubeIDE_1.14.1/STM32CubeIDE/plugins/com.st.stm32cube.ide.mcu.externaltools.gnu-tools-for-stm32.11.3.rel1.win32_1.1.100.202309141235/tools/bin/../lib/gcc/arm-none-eabi/11.3.1/../../../../arm-none-eabi/lib/thumb/v7e-m+fp/hard\libc_nano.a
LOAD D:/STM32CubeIDE_1.14.1/STM32CubeIDE/plugins/com.st.stm32cube.ide.mcu.externaltools.gnu-tools-for-stm32.11.3.rel1.win32_1.1.100.202309141235/tools/bin/../lib/gcc/arm-none-eabi/11.3.1/../../../../arm-none-eabi/lib/thumb/v7e-m+fp/hard\libnosys.a
END GROUP
START GROUP
LOAD D:/STM32CubeIDE_1.14.1/STM32CubeIDE/plugins/com.st.stm32cube.ide.mcu.externaltools.gnu-tools-for-stm32.11.3.rel1.win32_1.1.100.202309141235/tools/bin/../lib/gcc/arm-none-eabi/11.3.1/thumb/v7e-m+fp/hard\libgcc.a
LOAD D:/STM32CubeIDE_1.14.1/STM32CubeIDE/plugins/com.st.stm32cube.ide.mcu.externaltools.gnu-tools-for-stm32.11.3.rel1.win32_1.1.100.202309141235/tools/bin/../lib/gcc/arm-none-eabi/11.3.1/../../../../arm-none-eabi/lib/thumb/v7e-m+fp/hard\libc_nano.a
LOAD D:/STM32CubeIDE_1.14.1/STM32CubeIDE/plugins/com.st.stm32cube.ide.mcu.externaltools.gnu-tools-for-stm32.11.3.rel1.win32_1.1.100.202309141235/tools/bin/../lib/gcc/arm-none-eabi/11.3.1/../../../../arm-none-eabi/lib/thumb/v7e-m+fp/hard\libnosys.a
END GROUP
LOAD D:/STM32CubeIDE_1.14.1/STM32CubeIDE/plugins/com.st.stm32cube.ide.mcu.externaltools.gnu-tools-for-stm32.11.3.rel1.win32_1.1.100.202309141235/tools/bin/../lib/gcc/arm-none-eabi/11.3.1/thumb/v7e-m+fp/hard/crtend.o
LOAD D:/STM32CubeIDE_1.14.1/STM32CubeIDE/plugins/com.st.stm32cube.ide.mcu.externaltools.gnu-tools-for-stm32.11.3.rel1.win32_1.1.100.202309141235/tools/bin/../lib/gcc/arm-none-eabi/11.3.1/thumb/v7e-m+fp/hard/crtn.o
                0x0000000020020000                _estack = (ORIGIN (RAM) + LENGTH (RAM))
                0x0000000000000200                _Min_Heap_Size = 0x200
                0x0000000000000400                _Min_Stack_Size = 0x400

.isr_vector     0x0000000008000000      0x188
                0x0000000008000000                . = ALIGN (0x4)
 *(.isr_vector)
 .isr_vector    0x0000000008000000      0x188 ./Startup/startup_stm32f407vgtx.o
                0x0000000008000000                g_pfnVectors
                0x0000000008000188                . = ALIGN (0x4)

.text           0x0000000008000188      0x554
                0x0000000008000188                . = ALIGN (0x4)
 *(.text)
 .text          0x0000000008000188       0x40 D:/STM32CubeIDE_1.14.1/STM32CubeIDE/plugins/com.st.stm32cube.ide.mcu.externaltools.gnu-tools-for-stm32.11.3.rel1.win32_1.1.100.202309141235/tools/bin/../lib/gcc/arm-none-eabi/11.3.1/thumb/v7e-m+fp/hard/crtbegin.o
 *(.text*)
 .text.delay    0x00000000080001c8       0x2c ./Src/002BUTTON_LED.o
                0x00000000080001c8                delay
 .text.main     0x00000000080001f4       0x78 ./Src/002BUTTON_LED.o
                0x00000000080001f4                main
 .text.Reset_Handler
                0x000000000800026c       0x50 ./Startup/startup_stm32f407vgtx.o
                0x000000000800026c                Reset_Handler
 .text.Default_Handler
                0x00000000080002bc        0x2 ./Startup/startup_stm32f407vgtx.o
                0x00000000080002bc                RTC_Alarm_IRQHandler
                0x00000000080002bc                HASH_RNG_IRQHandler
                0x00000000080002bc                EXTI2_IRQHandler
                0x00000000080002bc                TIM8_CC_IRQHandler
                0x00000000080002bc                DebugMon_Handler
                0x00000000080002bc                TIM1_CC_IRQHandler
                0x00000000080002bc                DMA2_Stream5_IRQHandler
                0x00000000080002bc                HardFault_Handler
                0x00000000080002bc                DMA1_Stream5_IRQHandler
                0x00000000080002bc                SysTick_Handler
                0x00000000080002bc                PVD_IRQHandler
                0x00000000080002bc                SDIO_IRQHandler
                0x00000000080002bc                TAMP_STAMP_IRQHandler
                0x00000000080002bc                PendSV_Handler
                0x00000000080002bc                NMI_Handler
                0x00000000080002bc                CAN2_RX1_IRQHandler
                0x00000000080002bc                EXTI3_IRQHandler
                0x00000000080002bc                TIM8_TRG_COM_TIM14_IRQHandler
                0x00000000080002bc                TIM1_UP_TIM10_IRQHandler
                0x00000000080002bc                TIM8_UP_TIM13_IRQHandler
                0x00000000080002bc                I2C3_ER_IRQHandler
                0x00000000080002bc                EXTI0_IRQHandler
                0x00000000080002bc                I2C2_EV_IRQHandler
                0x00000000080002bc                DMA1_Stream2_IRQHandler
                0x00000000080002bc                CAN1_RX0_IRQHandler
                0x00000000080002bc                FPU_IRQHandler
                0x00000000080002bc                OTG_HS_WKUP_IRQHandler
                0x00000000080002bc                UsageFault_Handler
                0x00000000080002bc                CAN2_SCE_IRQHandler
                0x00000000080002bc                DMA2_Stream2_IRQHandler
                0x00000000080002bc                SPI1_IRQHandler
                0x00000000080002bc                TIM6_DAC_IRQHandler
                0x00000000080002bc                TIM1_BRK_TIM9_IRQHandler
                0x00000000080002bc                DCMI_IRQHandler
                0x00000000080002bc                CAN2_RX0_IRQHandler
                0x00000000080002bc                DMA2_Stream3_IRQHandler
                0x00000000080002bc                USART6_IRQHandler
                0x00000000080002bc                USART3_IRQHandler
                0x00000000080002bc                CRYP_IRQHandler
                0x00000000080002bc                CAN1_RX1_IRQHandler
                0x00000000080002bc                UART5_IRQHandler
                0x00000000080002bc                DMA2_Stream0_IRQHandler
                0x00000000080002bc                TIM4_IRQHandler
                0x00000000080002bc                I2C1_EV_IRQHandler
                0x00000000080002bc                DMA1_Stream6_IRQHandler
                0x00000000080002bc                DMA1_Stream1_IRQHandler
                0x00000000080002bc                UART4_IRQHandler
                0x00000000080002bc                TIM3_IRQHandler
                0x00000000080002bc                RCC_IRQHandler
                0x00000000080002bc                TIM8_BRK_TIM12_IRQHandler
                0x00000000080002bc                Default_Handler
                0x00000000080002bc                EXTI15_10_IRQHandler
                0x00000000080002bc                ADC_IRQHandler
                0x00000000080002bc                DMA1_Stream7_IRQHandler
                0x00000000080002bc                TIM7_IRQHandler
                0x00000000080002bc                CAN2_TX_IRQHandler
                0x00000000080002bc                TIM5_IRQHandler
                0x00000000080002bc                DMA2_Stream7_IRQHandler
                0x00000000080002bc                I2C3_EV_IRQHandler
                0x00000000080002bc                EXTI9_5_IRQHandler
                0x00000000080002bc                RTC_WKUP_IRQHandler
                0x00000000080002bc                ETH_WKUP_IRQHandler
                0x00000000080002bc                SPI2_IRQHandler
                0x00000000080002bc                OTG_HS_EP1_IN_IRQHandler
                0x00000000080002bc                MemManage_Handler
                0x00000000080002bc                DMA1_Stream0_IRQHandler
                0x00000000080002bc                CAN1_TX_IRQHandler
                0x00000000080002bc                SVC_Handler
                0x00000000080002bc                EXTI4_IRQHandler
                0x00000000080002bc                FSMC_IRQHandler
                0x00000000080002bc                ETH_IRQHandler
                0x00000000080002bc                OTG_HS_EP1_OUT_IRQHandler
                0x00000000080002bc                WWDG_IRQHandler
                0x00000000080002bc                TIM2_IRQHandler
                0x00000000080002bc                OTG_FS_WKUP_IRQHandler
                0x00000000080002bc                TIM1_TRG_COM_TIM11_IRQHandler
                0x00000000080002bc                OTG_HS_IRQHandler
                0x00000000080002bc                EXTI1_IRQHandler
                0x00000000080002bc                USART2_IRQHandler
                0x00000000080002bc                I2C2_ER_IRQHandler
                0x00000000080002bc                DMA2_Stream1_IRQHandler
                0x00000000080002bc                CAN1_SCE_IRQHandler
                0x00000000080002bc                DMA2_Stream4_IRQHandler
                0x00000000080002bc                BusFault_Handler
                0x00000000080002bc                USART1_IRQHandler
                0x00000000080002bc                OTG_FS_IRQHandler
                0x00000000080002bc                SPI3_IRQHandler
                0x00000000080002bc                DMA1_Stream4_IRQHandler
                0x00000000080002bc                I2C1_ER_IRQHandler
                0x00000000080002bc                DMA2_Stream6_IRQHandler
                0x00000000080002bc                DMA1_Stream3_IRQHandler
 *fill*         0x00000000080002be        0x2 
 .text.GPIO_ClockControl
                0x00000000080002c0      0x1cc ./driver/Src/stm32f407_gpiox.o
                0x00000000080002c0                GPIO_ClockControl
 .text.GPIO_Init
                0x000000000800048c      0x19a ./driver/Src/stm32f407_gpiox.o
                0x000000000800048c                GPIO_Init
 .text.GPIO_ReadInputPin
                0x0000000008000626       0x2c ./driver/Src/stm32f407_gpiox.o
                0x0000000008000626                GPIO_ReadInputPin
 .text.GPIO_ToggleOutputPin
                0x0000000008000652       0x2a ./driver/Src/stm32f407_gpiox.o
                0x0000000008000652                GPIO_ToggleOutputPin
 .text.__libc_init_array
                0x000000000800067c       0x48 D:/STM32CubeIDE_1.14.1/STM32CubeIDE/plugins/com.st.stm32cube.ide.mcu.externaltools.gnu-tools-for-stm32.11.3.rel1.win32_1.1.100.202309141235/tools/bin/../lib/gcc/arm-none-eabi/11.3.1/../../../../arm-none-eabi/lib/thumb/v7e-m+fp/hard\libc_nano.a(libc_a-init.o)
                0x000000000800067c                __libc_init_array
 *(.glue_7)
 .glue_7        0x00000000080006c4        0x0 linker stubs
 *(.glue_7t)
 .glue_7t       0x00000000080006c4        0x0 linker stubs
 *(.eh_frame)
 .eh_frame      0x00000000080006c4        0x0 D:/STM32CubeIDE_1.14.1/STM32CubeIDE/plugins/com.st.stm32cube.ide.mcu.externaltools.gnu-tools-for-stm32.11.3.rel1.win32_1.1.100.202309141235/tools/bin/../lib/gcc/arm-none-eabi/11.3.1/thumb/v7e-m+fp/hard/crtbegin.o
 *(.init)
 .init          0x00000000080006c4        0x4 D:/STM32CubeIDE_1.14.1/STM32CubeIDE/plugins/com.st.stm32cube.ide.mcu.externaltools.gnu-tools-for-stm32.11.3.rel1.win32_1.1.100.202309141235/tools/bin/../lib/gcc/arm-none-eabi/11.3.1/thumb/v7e-m+fp/hard/crti.o
                0x00000000080006c4                _init
 .init          0x00000000080006c8        0x8 D:/STM32CubeIDE_1.14.1/STM32CubeIDE/plugins/com.st.stm32cube.ide.mcu.externaltools.gnu-tools-for-stm32.11.3.rel1.win32_1.1.100.202309141235/tools/bin/../lib/gcc/arm-none-eabi/11.3.1/thumb/v7e-m+fp/hard/crtn.o
 *(.fini)
 .fini          0x00000000080006d0        0x4 D:/STM32CubeIDE_1.14.1/STM32CubeIDE/plugins/com.st.stm32cube.ide.mcu.externaltools.gnu-tools-for-stm32.11.3.rel1.win32_1.1.100.202309141235/tools/bin/../lib/gcc/arm-none-eabi/11.3.1/thumb/v7e-m+fp/hard/crti.o
                0x00000000080006d0                _fini
 .fini          0x00000000080006d4        0x8 D:/STM32CubeIDE_1.14.1/STM32CubeIDE/plugins/com.st.stm32cube.ide.mcu.externaltools.gnu-tools-for-stm32.11.3.rel1.win32_1.1.100.202309141235/tools/bin/../lib/gcc/arm-none-eabi/11.3.1/thumb/v7e-m+fp/hard/crtn.o
                0x00000000080006dc                . = ALIGN (0x4)
                0x00000000080006dc                _etext = .

.vfp11_veneer   0x00000000080006dc        0x0
 .vfp11_veneer  0x00000000080006dc        0x0 linker stubs

.v4_bx          0x00000000080006dc        0x0
 .v4_bx         0x00000000080006dc        0x0 linker stubs

.iplt           0x00000000080006dc        0x0
 .iplt          0x00000000080006dc        0x0 D:/STM32CubeIDE_1.14.1/STM32CubeIDE/plugins/com.st.stm32cube.ide.mcu.externaltools.gnu-tools-for-stm32.11.3.rel1.win32_1.1.100.202309141235/tools/bin/../lib/gcc/arm-none-eabi/11.3.1/thumb/v7e-m+fp/hard/crtbegin.o

.rel.dyn        0x00000000080006dc        0x0
 .rel.iplt      0x00000000080006dc        0x0 D:/STM32CubeIDE_1.14.1/STM32CubeIDE/plugins/com.st.stm32cube.ide.mcu.externaltools.gnu-tools-for-stm32.11.3.rel1.win32_1.1.100.202309141235/tools/bin/../lib/gcc/arm-none-eabi/11.3.1/thumb/v7e-m+fp/hard/crtbegin.o

.rodata         0x00000000080006dc        0x0
                0x00000000080006dc                . = ALIGN (0x4)
 *(.rodata)
 *(.rodata*)
                0x00000000080006dc                . = ALIGN (0x4)

.ARM.extab      0x00000000080006dc        0x0
                0x00000000080006dc                . = ALIGN (0x4)
 *(.ARM.extab* .gnu.linkonce.armextab.*)
                0x00000000080006dc                . = ALIGN (0x4)

.ARM            0x00000000080006dc        0x0
                0x00000000080006dc                . = ALIGN (0x4)
                0x00000000080006dc                __exidx_start = .
 *(.ARM.exidx*)
                0x00000000080006dc                __exidx_end = .
                0x00000000080006dc                . = ALIGN (0x4)

.preinit_array  0x00000000080006dc        0x0
                0x00000000080006dc                . = ALIGN (0x4)
                0x00000000080006dc                PROVIDE (__preinit_array_start = .)
 *(.preinit_array*)
                0x00000000080006dc                PROVIDE (__preinit_array_end = .)
                0x00000000080006dc                . = ALIGN (0x4)

.init_array     0x00000000080006dc        0x4
                0x00000000080006dc                . = ALIGN (0x4)
                0x00000000080006dc                PROVIDE (__init_array_start = .)
 *(SORT_BY_NAME(.init_array.*))
 *(.init_array*)
 .init_array    0x00000000080006dc        0x4 D:/STM32CubeIDE_1.14.1/STM32CubeIDE/plugins/com.st.stm32cube.ide.mcu.externaltools.gnu-tools-for-stm32.11.3.rel1.win32_1.1.100.202309141235/tools/bin/../lib/gcc/arm-none-eabi/11.3.1/thumb/v7e-m+fp/hard/crtbegin.o
                0x00000000080006e0                PROVIDE (__init_array_end = .)
                0x00000000080006e0                . = ALIGN (0x4)

.fini_array     0x00000000080006e0        0x4
                0x00000000080006e0                . = ALIGN (0x4)
                [!provide]                        PROVIDE (__fini_array_start = .)
 *(SORT_BY_NAME(.fini_array.*))
 *(.fini_array*)
 .fini_array    0x00000000080006e0        0x4 D:/STM32CubeIDE_1.14.1/STM32CubeIDE/plugins/com.st.stm32cube.ide.mcu.externaltools.gnu-tools-for-stm32.11.3.rel1.win32_1.1.100.202309141235/tools/bin/../lib/gcc/arm-none-eabi/11.3.1/thumb/v7e-m+fp/hard/crtbegin.o
                [!provide]                        PROVIDE (__fini_array_end = .)
                0x00000000080006e4                . = ALIGN (0x4)
                0x00000000080006e4                _sidata = LOADADDR (.data)

.data           0x0000000020000000        0x0 load address 0x00000000080006e4
                0x0000000020000000                . = ALIGN (0x4)
                0x0000000020000000                _sdata = .
 *(.data)
 *(.data*)
 *(.RamFunc)
 *(.RamFunc*)
                0x0000000020000000                . = ALIGN (0x4)
                0x0000000020000000                _edata = .
                0x00000000080006e4                _siccmram = LOADADDR (.ccmram)

.igot.plt       0x0000000020000000        0x0 load address 0x00000000080006e4
 .igot.plt      0x0000000020000000        0x0 D:/STM32CubeIDE_1.14.1/STM32CubeIDE/plugins/com.st.stm32cube.ide.mcu.externaltools.gnu-tools-for-stm32.11.3.rel1.win32_1.1.100.202309141235/tools/bin/../lib/gcc/arm-none-eabi/11.3.1/thumb/v7e-m+fp/hard/crtbegin.o

.ccmram         0x0000000010000000        0x0 load address 0x00000000080006e4
                0x0000000010000000                . = ALIGN (0x4)
                0x0000000010000000                _sccmram = .
 *(.ccmram)
 *(.ccmram*)
                0x0000000010000000                . = ALIGN (0x4)
                0x0000000010000000                _eccmram = .
                0x0000000010000000                . = ALIGN (0x4)

.bss            0x0000000020000000       0x1c
                0x0000000020000000                _sbss = .
                0x0000000020000000                __bss_start__ = _sbss
 *(.bss)
 .bss           0x0000000020000000       0x1c D:/STM32CubeIDE_1.14.1/STM32CubeIDE/plugins/com.st.stm32cube.ide.mcu.externaltools.gnu-tools-for-stm32.11.3.rel1.win32_1.1.100.202309141235/tools/bin/../lib/gcc/arm-none-eabi/11.3.1/thumb/v7e-m+fp/hard/crtbegin.o
 *(.bss*)
 *(COMMON)
                0x000000002000001c                . = ALIGN (0x4)
                0x000000002000001c                _ebss = .
                0x000000002000001c                __bss_end__ = _ebss

._user_heap_stack
                0x000000002000001c      0x604
                0x0000000020000020                . = ALIGN (0x8)
 *fill*         0x000000002000001c        0x4 
                [!provide]                        PROVIDE (end = .)
                0x0000000020000020                PROVIDE (_end = .)
                0x0000000020000220                . = (. + _Min_Heap_Size)
 *fill*         0x0000000020000020      0x200 
                0x0000000020000620                . = (. + _Min_Stack_Size)
 *fill*         0x0000000020000220      0x400 
                0x0000000020000620                . = ALIGN (0x8)

/DISCARD/
 libc.a(*)
 libm.a(*)
 libgcc.a(*)

.ARM.attributes
                0x0000000000000000       0x30
 *(.ARM.attributes)
 .ARM.attributes
                0x0000000000000000       0x1e D:/STM32CubeIDE_1.14.1/STM32CubeIDE/plugins/com.st.stm32cube.ide.mcu.externaltools.gnu-tools-for-stm32.11.3.rel1.win32_1.1.100.202309141235/tools/bin/../lib/gcc/arm-none-eabi/11.3.1/thumb/v7e-m+fp/hard/crti.o
 .ARM.attributes
                0x000000000000001e       0x34 D:/STM32CubeIDE_1.14.1/STM32CubeIDE/plugins/com.st.stm32cube.ide.mcu.externaltools.gnu-tools-for-stm32.11.3.rel1.win32_1.1.100.202309141235/tools/bin/../lib/gcc/arm-none-eabi/11.3.1/thumb/v7e-m+fp/hard/crtbegin.o
 .ARM.attributes
                0x0000000000000052       0x34 ./Src/002BUTTON_LED.o
 .ARM.attributes
                0x0000000000000086       0x21 ./Startup/startup_stm32f407vgtx.o
 .ARM.attributes
                0x00000000000000a7       0x34 ./driver/Src/stm32f407_gpiox.o
 .ARM.attributes
                0x00000000000000db       0x34 D:/STM32CubeIDE_1.14.1/STM32CubeIDE/plugins/com.st.stm32cube.ide.mcu.externaltools.gnu-tools-for-stm32.11.3.rel1.win32_1.1.100.202309141235/tools/bin/../lib/gcc/arm-none-eabi/11.3.1/../../../../arm-none-eabi/lib/thumb/v7e-m+fp/hard\libc_nano.a(libc_a-init.o)
 .ARM.attributes
                0x000000000000010f       0x1e D:/STM32CubeIDE_1.14.1/STM32CubeIDE/plugins/com.st.stm32cube.ide.mcu.externaltools.gnu-tools-for-stm32.11.3.rel1.win32_1.1.100.202309141235/tools/bin/../lib/gcc/arm-none-eabi/11.3.1/thumb/v7e-m+fp/hard/crtn.o
OUTPUT(stm32f407Drivers.elf elf32-littlearm)
LOAD linker stubs
LOAD D:/STM32CubeIDE_1.14.1/STM32CubeIDE/plugins/com.st.stm32cube.ide.mcu.externaltools.gnu-tools-for-stm32.11.3.rel1.win32_1.1.100.202309141235/tools/bin/../lib/gcc/arm-none-eabi/11.3.1/../../../../arm-none-eabi/lib/thumb/v7e-m+fp/hard\libc.a
LOAD D:/STM32CubeIDE_1.14.1/STM32CubeIDE/plugins/com.st.stm32cube.ide.mcu.externaltools.gnu-tools-for-stm32.11.3.rel1.win32_1.1.100.202309141235/tools/bin/../lib/gcc/arm-none-eabi/11.3.1/../../../../arm-none-eabi/lib/thumb/v7e-m+fp/hard\libm.a
LOAD D:/STM32CubeIDE_1.14.1/STM32CubeIDE/plugins/com.st.stm32cube.ide.mcu.externaltools.gnu-tools-for-stm32.11.3.rel1.win32_1.1.100.202309141235/tools/bin/../lib/gcc/arm-none-eabi/11.3.1/thumb/v7e-m+fp/hard\libgcc.a

.comment        0x0000000000000000       0x43
 .comment       0x0000000000000000       0x43 D:/STM32CubeIDE_1.14.1/STM32CubeIDE/plugins/com.st.stm32cube.ide.mcu.externaltools.gnu-tools-for-stm32.11.3.rel1.win32_1.1.100.202309141235/tools/bin/../lib/gcc/arm-none-eabi/11.3.1/thumb/v7e-m+fp/hard/crtbegin.o
                                         0x44 (size before relaxing)
 .comment       0x0000000000000043       0x44 ./Src/002BUTTON_LED.o
 .comment       0x0000000000000043       0x44 ./driver/Src/stm32f407_gpiox.o

.debug_info     0x0000000000000000      0x8a1
 .debug_info    0x0000000000000000      0x28f ./Src/002BUTTON_LED.o
 .debug_info    0x000000000000028f       0x23 ./Startup/startup_stm32f407vgtx.o
 .debug_info    0x00000000000002b2      0x5ef ./driver/Src/stm32f407_gpiox.o

.debug_abbrev   0x0000000000000000      0x24c
 .debug_abbrev  0x0000000000000000      0x126 ./Src/002BUTTON_LED.o
 .debug_abbrev  0x0000000000000126       0x12 ./Startup/startup_stm32f407vgtx.o
 .debug_abbrev  0x0000000000000138      0x114 ./driver/Src/stm32f407_gpiox.o

.debug_aranges  0x0000000000000000       0xb8
 .debug_aranges
                0x0000000000000000       0x28 ./Src/002BUTTON_LED.o
 .debug_aranges
                0x0000000000000028       0x28 ./Startup/startup_stm32f407vgtx.o
 .debug_aranges
                0x0000000000000050       0x68 ./driver/Src/stm32f407_gpiox.o

.debug_rnglists
                0x0000000000000000       0x7e
 .debug_rnglists
                0x0000000000000000       0x19 ./Src/002BUTTON_LED.o
 .debug_rnglists
                0x0000000000000019       0x19 ./Startup/startup_stm32f407vgtx.o
 .debug_rnglists
                0x0000000000000032       0x4c ./driver/Src/stm32f407_gpiox.o

.debug_macro    0x0000000000000000     0x12e2
 .debug_macro   0x0000000000000000       0x85 ./Src/002BUTTON_LED.o
 .debug_macro   0x0000000000000085      0xab4 ./Src/002BUTTON_LED.o
 .debug_macro   0x0000000000000b39       0x22 ./Src/002BUTTON_LED.o
 .debug_macro   0x0000000000000b5b       0x8e ./Src/002BUTTON_LED.o
 .debug_macro   0x0000000000000be9       0x51 ./Src/002BUTTON_LED.o
 .debug_macro   0x0000000000000c3a      0x103 ./Src/002BUTTON_LED.o
 .debug_macro   0x0000000000000d3d       0x6a ./Src/002BUTTON_LED.o
 .debug_macro   0x0000000000000da7      0x1df ./Src/002BUTTON_LED.o
 .debug_macro   0x0000000000000f86      0x213 ./Src/002BUTTON_LED.o
 .debug_macro   0x0000000000001199       0xc4 ./Src/002BUTTON_LED.o
 .debug_macro   0x000000000000125d       0x85 ./driver/Src/stm32f407_gpiox.o

.debug_line     0x0000000000000000      0xce2
 .debug_line    0x0000000000000000      0x4b3 ./Src/002BUTTON_LED.o
 .debug_line    0x00000000000004b3       0x7b ./Startup/startup_stm32f407vgtx.o
 .debug_line    0x000000000000052e      0x7b4 ./driver/Src/stm32f407_gpiox.o

.debug_str      0x0000000000000000     0x4f37
 .debug_str     0x0000000000000000     0x4d09 ./Src/002BUTTON_LED.o
                                       0x4e75 (size before relaxing)
 .debug_str     0x0000000000004d09       0x2f ./Startup/startup_stm32f407vgtx.o
                                         0x5b (size before relaxing)
 .debug_str     0x0000000000004d38      0x1ff ./driver/Src/stm32f407_gpiox.o
                                       0x505a (size before relaxing)

.debug_frame    0x0000000000000000      0x224
 .debug_frame   0x0000000000000000       0x58 ./Src/002BUTTON_LED.o
 .debug_frame   0x0000000000000058      0x1a0 ./driver/Src/stm32f407_gpiox.o
 .debug_frame   0x00000000000001f8       0x2c D:/STM32CubeIDE_1.14.1/STM32CubeIDE/plugins/com.st.stm32cube.ide.mcu.externaltools.gnu-tools-for-stm32.11.3.rel1.win32_1.1.100.202309141235/tools/bin/../lib/gcc/arm-none-eabi/11.3.1/../../../../arm-none-eabi/lib/thumb/v7e-m+fp/hard\libc_nano.a(libc_a-init.o)

.debug_line_str
                0x0000000000000000       0x4f
 .debug_line_str
                0x0000000000000000       0x4f ./Startup/startup_stm32f407vgtx.o
                                         0x67 (size before relaxing)
